### Section compile
cd %BUILD%/RerunTest.othervm/work/scratch && \
DISPLAY=%DISPLAY% \
HOME=%HOME% \
LANG=en_US.UTF-8 \
MY_ENV_VAR=x \
PATH=/bin:/usr/bin:/usr/sbin \
TZ=GMT+0.00 \
    %JDKHOME%/bin/javac \
        -J-Dmy.vm.option=x \
        -J-Dtest.vm.opts=-Dmy.vm.option=x \
        -J-Dtest.tool.vm.opts=-J-Dmy.vm.option=x \
        -J-Dtest.compiler.opts=-XDmy.javac.option=x \
        -J-Dtest.java.opts=-Dmy.java.option=x \
        -J-Dtest.jdk=%JDKHOME% \
        -J-Dcompile.jdk=%JDKHOME% \
        -J-Dtest.timeout.factor=1.0 \
        -J-Dtest.root=%WS%/test/rerun \
        -J-Dtest.name=std/JUnitTest.java \
        -J-Dtest.file=%WS%/test/rerun/std/JUnitTest.java \
        -J-Dtest.src=%WS%/test/rerun/std \
        -J-Dtest.src.path=%WS%/test/rerun/std \
        -J-Dtest.classes=%BUILD%/RerunTest.othervm/work/classes/std/JUnitTest.d \
        -J-Dtest.class.path=%BUILD%/RerunTest.othervm/work/classes/std/JUnitTest.d \
        -XDmy.javac.option=x \
        -d %BUILD%/RerunTest.othervm/work/classes/std/JUnitTest.d \
        -sourcepath %WS%/test/rerun/std \
        -classpath %WS%/test/rerun/std:%BUILD%/RerunTest.othervm/work/classes/std/JUnitTest.d:%BUILD%/images/jtreg/lib/junit.jar:%JDKHOME%/lib/tools.jar \
        -XDignore.symbol.file=true %WS%/test/rerun/std/JUnitTest.java

### Section junit
cd %BUILD%/RerunTest.othervm/work/scratch && \
DISPLAY=%DISPLAY% \
HOME=%HOME% \
LANG=en_US.UTF-8 \
MY_ENV_VAR=x \
PATH=/bin:/usr/bin:/usr/sbin \
TZ=GMT+0.00 \
CLASSPATH=%BUILD%/RerunTest.othervm/work/classes/std/JUnitTest.d:%WS%/test/rerun/std:%BUILD%/images/jtreg/lib/junit.jar:%JDKHOME%/lib/tools.jar:%BUILD%/images/jtreg/lib/javatest.jar:%BUILD%/images/jtreg/lib/jtreg.jar \
    %JDKHOME%/bin/java \
        -Dtest.vm.opts=-Dmy.vm.option=x \
        -Dtest.tool.vm.opts=-J-Dmy.vm.option=x \
        -Dtest.compiler.opts=-XDmy.javac.option=x \
        -Dtest.java.opts=-Dmy.java.option=x \
        -Dtest.jdk=%JDKHOME% \
        -Dcompile.jdk=%JDKHOME% \
        -Dtest.timeout.factor=1.0 \
        -Dtest.root=%WS%/test/rerun \
        -Dtest.name=std/JUnitTest.java \
        -Dtest.file=%WS%/test/rerun/std/JUnitTest.java \
        -Dtest.src=%WS%/test/rerun/std \
        -Dtest.src.path=%WS%/test/rerun/std \
        -Dtest.classes=%BUILD%/RerunTest.othervm/work/classes/std/JUnitTest.d \
        -Dtest.class.path=%BUILD%/RerunTest.othervm/work/classes/std/JUnitTest.d \
        -Dmy.vm.option=x \
        -Dmy.java.option=x \
        com.sun.javatest.regtest.agent.MainWrapper %BUILD%/RerunTest.othervm/work/std/JUnitTest.d/junit.0.jta std/JUnitTest.java JUnitTest

