Test.java:30:5: compiler.err.illegal.start.of.type
Test.java:30:6: compiler.err.expected: ';'
Test.java:31:2: compiler.err.premature.eof
3 errors
